Microchip MPLAB XC8 Compiler V2.32

Linker command line:

-W-3 --edf=C:\Program Files\Microchip\xc8\v2.32\pic\dat\en_msgs.txt \
  -pivt0x8=08h -cn \
  -h+dist/default/production\adc_pic18f57q84.X.production.sym \
  --cmf=dist/default/production\adc_pic18f57q84.X.production.cmf -z \
  -Q18F57Q84 -oC:\Users\A51933\AppData\Local\Temp\xcAs67c.4 \
  --defsym=__MPLAB_BUILD=1 \
  -Mdist/default/production/adc_pic18f57q84.X.production.map -E1 \
  -ver=XC8 Compiler --acfsm=1493 -ASTACK=05BEh-037FFh -pstack=STACK \
  -ACODE=00h-01FFFFh -ACONST=00h-01FFFFh -ASMALLCONST=03800h-038FFhx456 \
  -AMEDIUMCONST=03800h-0FFFFh,013800h-01FFFFh -ACOMRAM=0501h-055Fh \
  -AABS1=0500h-037FFh -ABIGRAM=0501h-037FFh \
  -ARAM=0560h-05FFh,0600h-06FFhx50 -ABANK5=0560h-05FFh -ABANK6=0600h-06FFh \
  -ABANK7=0700h-07FFh -ABANK8=0800h-08FFh -ABANK9=0900h-09FFh \
  -ABANK10=0A00h-0AFFh -ABANK11=0B00h-0BFFh -ABANK12=0C00h-0CFFh \
  -ABANK13=0D00h-0DFFh -ABANK14=0E00h-0EFFh -ABANK15=0F00h-0FFFh \
  -ABANK16=01000h-010FFh -ABANK17=01100h-011FFh -ABANK18=01200h-012FFh \
  -ABANK19=01300h-013FFh -ABANK20=01400h-014FFh -ABANK21=01500h-015FFh \
  -ABANK22=01600h-016FFh -ABANK23=01700h-017FFh -ABANK24=01800h-018FFh \
  -ABANK25=01900h-019FFh -ABANK26=01A00h-01AFFh -ABANK27=01B00h-01BFFh \
  -ABANK28=01C00h-01CFFh -ABANK29=01D00h-01DFFh -ABANK30=01E00h-01EFFh \
  -ABANK31=01F00h-01FFFh -ABANK32=02000h-020FFh -ABANK33=02100h-021FFh \
  -ABANK34=02200h-022FFh -ABANK35=02300h-023FFh -ABANK36=02400h-024FFh \
  -ABANK37=02500h-025FFh -ABANK38=02600h-026FFh -ABANK39=02700h-027FFh \
  -ABANK40=02800h-028FFh -ABANK41=02900h-029FFh -ABANK42=02A00h-02AFFh \
  -ABANK43=02B00h-02BFFh -ABANK44=02C00h-02CFFh -ABANK45=02D00h-02DFFh \
  -ABANK46=02E00h-02EFFh -ABANK47=02F00h-02FFFh -ABANK48=03000h-030FFh \
  -ABANK49=03100h-031FFh -ABANK50=03200h-032FFh -ABANK51=03300h-033FFh \
  -ABANK52=03400h-034FFh -ABANK53=03500h-035FFh -ABANK54=03600h-036FFh \
  -ABANK55=03700h-037FFh -ASFR=00h-0FFhx4,0400h-045Fh,0460h-04FFh \
  -ACONFIG=0300000h-0300023h -AIDLOC=0200000h-020001Fh \
  -AEEDATA=0380000h-03803FFh -peeprom_data=EEDATA -preset_vec=00h \
  -ppowerup=CODE,init -pramtop=03800h -psmallconst=SMALLCONST \
  -pmediumconst=MEDIUMCONST -pconst=CONST -AFARRAM=00h-00h \
  -prdata=COMRAM,nvrram=COMRAM,nvbit=COMRAM,rbss=COMRAM,rbit=COMRAM \
  -pfarbss=FARRAM,fardata=FARRAM,nvFARRAM=FARRAM \
  -pintsave_regs=BIGRAM,bigbss=BIGRAM,bigdata=BIGRAM -pbss=RAM \
  -pidata=CODE,irdata=CODE,ibigdata=CODE,ifardata=CODE -prparam=COMRAM \
  C:\Users\A51933\AppData\Local\Temp\xcAs67c.o \
  dist/default/production\adc_pic18f57q84.X.production.o 

Object code version is 3.11

Machine type is 18F57Q84



                Name                               Link     Load   Length Selector   Space Scale
C:\Users\A51933\AppData\Local\Temp\xcAs67c.o
                idloc                            200000   200000       20        0       5
                config                           300000   300000       24        0       4
                init                                 1A       1A        4        4       0
                reset_vec                             0        0        4        0       0
dist/default/production\adc_pic18f57q84.X.production.o
                idloc                            200000   200000       20        0       5
                config                           300000   300000       24        0       4
                smallconst                         3800     3800       46     1C00       0
                ivt0x8                                8        8       12        4       0
                text42                             48DA     48DA       16     1C23       0
                text41                             3F6A     3F6A      188     1C23       0
                text40                             40F2     40F2      164     1C23       0
                text39                             471A     471A       40     1C23       0
                text38                             48AC     48AC       18     1C23       0
                text37                             4984     4984        A     1C23       0
                text36                             4508     4508       96     1C23       0
                text35                             46D6     46D6       44     1C23       0
                text34                             475A     475A       3A     1C23       0
                text33                             43AA     43AA       C6     1C23       0
                text32                             3846     3846      2E4     1C23       0
                text31                             3D6A     3D6A      200     1C23       0
                text30                             461A     461A       6A     1C23       0
                text29                             4848     4848       26     1C23       0
                text28                             49A6     49A6        6     1C23       0
                text27                             49A0     49A0        6     1C23       0
                text26                             497A     497A        A     1C23       0
                text25                             4256     4256      154     1C23       0
                text24                             49B0     49B0        2     1C23       0
                text23                             4794     4794       34     1C23       0
                text22                             4684     4684       52     1C23       0
                text21                             499A     499A        6     1C23       0
                text20                             4994     4994        6     1C23       0
                text19                             496E     496E        C     1C23       0
                text18                             4960     4960        E     1C23       0
                text17                             4952     4952        E     1C23       0
                text16                             4944     4944        E     1C23       0
                text15                             4936     4936        E     1C23       0
                text14                             4928     4928        E     1C23       0
                text13                             491A     491A        E     1C23       0
                text12                             3B2A     3B2A      240     1C23       0
                text11                             49AC     49AC        4     1C23       0
                text10                             4822     4822       26     1C23       0
                text9                              4470     4470       98     1C23       0
                text8                              47FA     47FA       28     1C23       0
                text7                              48C4     48C4       16     1C23       0
                text6                              490C     490C        E     1C23       0
                text5                              48FE     48FE        E     1C23       0
                text4                              48F0     48F0        E     1C23       0
                text3                              459E     459E       7C     1C23       0
                text2                              488E     488E       1E     1C23       0
                text1                              498E     498E        6     1C23       0
                text0                              47C8     47C8       32     1C23       0
                cstackCOMRAM                        501      501       5F      501       1
                cstackBANK5                         5B6      5B6        8      560       1
                bssBANK5                            560      560       44      560       1
                cinit                              486E     486E       20     1C23       0
                nvBANK5                             5A4      5A4       12      560       1

TOTAL           Name                               Link     Load   Length     Space
        CLASS   STACK          

        CLASS   CODE           
                init                                 1A       1A        4         0
                reset_vec                             0        0        4         0
                ivt0x8                                8        8       12         0
                text42                             48DA     48DA       16         0
                text41                             3F6A     3F6A      188         0
                text40                             40F2     40F2      164         0
                text39                             471A     471A       40         0
                text38                             48AC     48AC       18         0
                text37                             4984     4984        A         0
                text36                             4508     4508       96         0
                text35                             46D6     46D6       44         0
                text34                             475A     475A       3A         0
                text33                             43AA     43AA       C6         0
                text32                             3846     3846      2E4         0
                text31                             3D6A     3D6A      200         0
                text30                             461A     461A       6A         0
                text29                             4848     4848       26         0
                text28                             49A6     49A6        6         0
                text27                             49A0     49A0        6         0
                text26                             497A     497A        A         0
                text25                             4256     4256      154         0
                text24                             49B0     49B0        2         0
                text23                             4794     4794       34         0
                text22                             4684     4684       52         0
                text21                             499A     499A        6         0
                text20                             4994     4994        6         0
                text19                             496E     496E        C         0
                text18                             4960     4960        E         0
                text17                             4952     4952        E         0
                text16                             4944     4944        E         0
                text15                             4936     4936        E         0
                text14                             4928     4928        E         0
                text13                             491A     491A        E         0
                text12                             3B2A     3B2A      240         0
                text11                             49AC     49AC        4         0
                text10                             4822     4822       26         0
                text9                              4470     4470       98         0
                text8                              47FA     47FA       28         0
                text7                              48C4     48C4       16         0
                text6                              490C     490C        E         0
                text5                              48FE     48FE        E         0
                text4                              48F0     48F0        E         0
                text3                              459E     459E       7C         0
                text2                              488E     488E       1E         0
                text1                              498E     498E        6         0
                text0                              47C8     47C8       32         0
                cinit                              486E     486E       20         0

        CLASS   CONST          

        CLASS   SMALLCONST     
                smallconst                         3800     3800       46         0

        CLASS   MEDIUMCONST    

        CLASS   COMRAM         
                cstackCOMRAM                        501      501       5F         1

        CLASS   ABS1           

        CLASS   BIGRAM         

        CLASS   RAM            

        CLASS   BANK5          
                cstackBANK5                         5B6      5B6        8         1
                bssBANK5                            560      560       44         1
                nvBANK5                             5A4      5A4       12         1

        CLASS   BANK6          

        CLASS   BANK7          

        CLASS   BANK8          

        CLASS   BANK9          

        CLASS   BANK10         

        CLASS   BANK11         

        CLASS   BANK12         

        CLASS   BANK13         

        CLASS   BANK14         

        CLASS   BANK15         

        CLASS   BANK16         

        CLASS   BANK17         

        CLASS   BANK18         

        CLASS   BANK19         

        CLASS   BANK20         

        CLASS   BANK21         

        CLASS   BANK22         

        CLASS   BANK23         

        CLASS   BANK24         

        CLASS   BANK25         

        CLASS   BANK26         

        CLASS   BANK27         

        CLASS   BANK28         

        CLASS   BANK29         

        CLASS   BANK30         

        CLASS   BANK31         

        CLASS   BANK32         

        CLASS   BANK33         

        CLASS   BANK34         

        CLASS   BANK35         

        CLASS   BANK36         

        CLASS   BANK37         

        CLASS   BANK38         

        CLASS   BANK39         

        CLASS   BANK40         

        CLASS   BANK41         

        CLASS   BANK42         

        CLASS   BANK43         

        CLASS   BANK44         

        CLASS   BANK45         

        CLASS   BANK46         

        CLASS   BANK47         

        CLASS   BANK48         

        CLASS   BANK49         

        CLASS   BANK50         

        CLASS   BANK51         

        CLASS   BANK52         

        CLASS   BANK53         

        CLASS   BANK54         

        CLASS   BANK55         

        CLASS   SFR            

        CLASS   CONFIG         
                config                           300000   300000       24         4

        CLASS   IDLOC          
                idloc                            200000   200000       20         5

        CLASS   EEDATA         

        CLASS   FARRAM         



SEGMENTS        Name                           Load    Length   Top    Selector   Space  Class

                reset_vec                      000000  000004  000004         0       0  CODE    
                ivt0x8                         000008  000016  00001E         4       0  CODE    
                cstackCOMRAM                   000501  00005F  000560       501       1  COMRAM  
                bssBANK5                       000560  00005E  0005BE       560       1  BANK5   
                smallconst                     003800  000046  003846      1C00       0  SMALLCON
                text32                         003846  00116C  0049B2      1C23       0  CODE    


UNUSED ADDRESS RANGES

        Name                Unused          Largest block    Delta
        BANK10           000A00-000AFF              100
        BANK11           000B00-000BFF              100
        BANK12           000C00-000CFF              100
        BANK13           000D00-000DFF              100
        BANK14           000E00-000EFF              100
        BANK15           000F00-000FFF              100
        BANK16           001000-0010FF              100
        BANK17           001100-0011FF              100
        BANK18           001200-0012FF              100
        BANK19           001300-0013FF              100
        BANK20           001400-0014FF              100
        BANK21           001500-0015FF              100
        BANK22           001600-0016FF              100
        BANK23           001700-0017FF              100
        BANK24           001800-0018FF              100
        BANK25           001900-0019FF              100
        BANK26           001A00-001AFF              100
        BANK27           001B00-001BFF              100
        BANK28           001C00-001CFF              100
        BANK29           001D00-001DFF              100
        BANK30           001E00-001EFF              100
        BANK31           001F00-001FFF              100
        BANK32           002000-0020FF              100
        BANK33           002100-0021FF              100
        BANK34           002200-0022FF              100
        BANK35           002300-0023FF              100
        BANK36           002400-0024FF              100
        BANK37           002500-0025FF              100
        BANK38           002600-0026FF              100
        BANK39           002700-0027FF              100
        BANK40           002800-0028FF              100
        BANK41           002900-0029FF              100
        BANK42           002A00-002AFF              100
        BANK43           002B00-002BFF              100
        BANK44           002C00-002CFF              100
        BANK45           002D00-002DFF              100
        BANK46           002E00-002EFF              100
        BANK47           002F00-002FFF              100
        BANK48           003000-0030FF              100
        BANK49           003100-0031FF              100
        BANK5            0005BE-0005FF               42
        BANK50           003200-0032FF              100
        BANK51           003300-0033FF              100
        BANK52           003400-0034FF              100
        BANK53           003500-0035FF              100
        BANK54           003600-0036FF              100
        BANK55           003700-0037FF              100
        BANK6            000600-0006FF              100
        BANK7            000700-0007FF              100
        BANK8            000800-0008FF              100
        BANK9            000900-0009FF              100
        BIGRAM           0005BE-0037FF             3242
        CODE             000004-000007                4
                         00001E-0037FF             37E2
                         0049B2-01FFFF            1B64E
        CONST            000004-000007                4
                         00001E-0037FF             37E2
                         0049B2-01FFFF            1B64E
        EEDATA           380000-3803FF              400
        MEDIUMCONST      0049B2-00FFFF             B64E
                         013800-01FFFF             C800
        RAM              0005BE-0037FF              100
        SFR              000000-0004FF              100
        SMALLCONST       0049B2-01FFFF              100
        STACK            0005BE-0037FF             3242

                                  Symbol Table

?_ADC_GetConversionResult                                 cstackCOMRAM 000501
?___aodiv                                                 cstackCOMRAM 000501
?___aomod                                                 cstackCOMRAM 000501
?_abs                                                     cstackCOMRAM 000513
?_dtoa                                                    cstackCOMRAM 00051E
?_pad                                                     cstackCOMRAM 000513
?_printf                                                  cstackCOMRAM 00055A
?_strlen                                                  cstackCOMRAM 000501
?_vfpfcnvrt                                               cstackCOMRAM 000542
?_vfprintf                                                cstackCOMRAM 000552
ADC_SelectContext@context                                 cstackBANK5  0005BB
ADC_SetADIInterruptHandler@InterruptHandler               cstackBANK5  0005BB
ADC_SetActiveClockTuningInterruptHandler@InterruptHandler cstackBANK5  0005BB
ADC_SetContext1ThresholdInterruptHandler@InterruptHandler cstackBANK5  0005BB
ADC_SetContext2ThresholdInterruptHandler@InterruptHandler cstackBANK5  0005BB
ADC_SetContext3ThresholdInterruptHandler@InterruptHandler cstackBANK5  0005BB
ADC_SetContext4ThresholdInterruptHandler@InterruptHandler cstackBANK5  0005BB
ADC_UserContext4Threshold_ISR@convertedValue1             bssBANK5     000581
ADC_UserContext4Threshold_ISR@convertedValue2             bssBANK5     00057F
ADC_UserContext4Threshold_ISR@convertedValue3             bssBANK5     00057D
ADC_UserContext4Threshold_ISR@convertedValue4             bssBANK5     00057B
IVTBASEH                                                  (abs)        00045E
IVTBASEL                                                  (abs)        00045D
IVTBASEU                                                  (abs)        00045F
UART1_SetErrorHandler@interruptHandler                    cstackBANK5  0005BB
UART1_SetFramingErrorHandler@interruptHandler             cstackBANK5  0005BB
UART1_SetOverrunErrorHandler@interruptHandler             cstackBANK5  0005BB
UART1_Write@txData                                        cstackCOMRAM 000501
_ADACCH                                                   (abs)        0003E4
_ADACCL                                                   (abs)        0003E3
_ADACCU                                                   (abs)        0003E5
_ADACQH                                                   (abs)        0003EF
_ADACQL                                                   (abs)        0003EE
_ADACT                                                    (abs)        0003F9
_ADACTPPS                                                 (abs)        000269
_ADCAP                                                    (abs)        0003F0
_ADCLK                                                    (abs)        0003FA
_ADCNT                                                    (abs)        0003E6
_ADCON0                                                   (abs)        0003F3
_ADCON0bits                                               (abs)        0003F3
_ADCON1                                                   (abs)        0003F4
_ADCON1bits                                               (abs)        0003F4
_ADCON2                                                   (abs)        0003F5
_ADCON2bits                                               (abs)        0003F5
_ADCON3                                                   (abs)        0003F6
_ADCON3bits                                               (abs)        0003F6
_ADCP                                                     (abs)        0003D8
_ADCPbits                                                 (abs)        0003D8
_ADCSEL1                                                  (abs)        0003FC
_ADCSEL1bits                                              (abs)        0003FC
_ADCSEL2                                                  (abs)        0003FD
_ADCSEL2bits                                              (abs)        0003FD
_ADCSEL3                                                  (abs)        0003FE
_ADCSEL3bits                                              (abs)        0003FE
_ADCSEL4                                                  (abs)        0003FF
_ADCSEL4bits                                              (abs)        0003FF
_ADCTX                                                    (abs)        0003FB
_ADC_ADCH4_ISR                                            text23       004794
_ADC_ActiveClockTuning_ISR                                nvBANK5      0005A4
_ADC_Context1Thereshld_ISR                                nvBANK5      0005B0
_ADC_Context2Thereshld_ISR                                nvBANK5      0005AD
_ADC_Context3Thereshld_ISR                                nvBANK5      0005AA
_ADC_Context4Thereshld_ISR                                nvBANK5      0005A7
_ADC_ConversionComplete_ISR                               nvBANK5      0005B3
_ADC_DefaultADI_ISR                                       (abs)        000000
_ADC_DefaultActiveClockTuning_ISR                         (abs)        000000
_ADC_DefaultContext1Threshold_ISR                         (abs)        000000
_ADC_DefaultContext2Threshold_ISR                         (abs)        000000
_ADC_DefaultContext3Threshold_ISR                         (abs)        000000
_ADC_DefaultContext4Threshold_ISR                         text24       0049B0
_ADC_DisableChannelSequencer                              text21       00499A
_ADC_EnableChannelSequencer                               text20       004994
_ADC_GetConversionResult                                  text42       0048DA
_ADC_Initialize                                           text12       003B2A
_ADC_SelectContext                                        text19       00496E
_ADC_SetADIInterruptHandler                               text18       004960
_ADC_SetActiveClockTuningInterruptHandler                 text17       004952
_ADC_SetContext1ThresholdInterruptHandler                 text16       004944
_ADC_SetContext2ThresholdInterruptHandler                 text15       004936
_ADC_SetContext3ThresholdInterruptHandler                 text14       004928
_ADC_SetContext4ThresholdInterruptHandler                 text13       00491A
_ADC_UserContext4Threshold_ISR                            text25       004256
_ADERRH                                                   (abs)        0003DE
_ADERRL                                                   (abs)        0003DD
_ADFLTRH                                                  (abs)        0003E2
_ADFLTRL                                                  (abs)        0003E1
_ADLTHH                                                   (abs)        0003DA
_ADLTHL                                                   (abs)        0003D9
_ADPCH                                                    (abs)        0003EC
_ADPREH                                                   (abs)        0003F2
_ADPREL                                                   (abs)        0003F1
_ADPREVH                                                  (abs)        0003E9
_ADPREVL                                                  (abs)        0003E8
_ADREF                                                    (abs)        0003F8
_ADRESH                                                   (abs)        0003EB
_ADRESL                                                   (abs)        0003EA
_ADRPT                                                    (abs)        0003E7
_ADSTAT                                                   (abs)        0003F7
_ADSTATbits                                               (abs)        0003F7
_ADSTPTH                                                  (abs)        0003E0
_ADSTPTL                                                  (abs)        0003DF
_ADUTHH                                                   (abs)        0003DC
_ADUTHL                                                   (abs)        0003DB
_ANSELA                                                   (abs)        000400
_ANSELB                                                   (abs)        000408
_ANSELC                                                   (abs)        000410
_ANSELD                                                   (abs)        000418
_ANSELE                                                   (abs)        000420
_ANSELF                                                   (abs)        000428
_INLVLA                                                   (abs)        000404
_INLVLB                                                   (abs)        00040C
_INLVLC                                                   (abs)        000414
_INLVLD                                                   (abs)        00041C
_INLVLE                                                   (abs)        000424
_INLVLF                                                   (abs)        00042C
_INTCON0bits                                              (abs)        0004D6
_INTERRUPT_Initialize                                     text11       0049AC
_INTERRUPT_InterruptManager                               text22       004684
_LATA                                                     (abs)        0004BE
_LATB                                                     (abs)        0004BF
_LATC                                                     (abs)        0004C0
_LATD                                                     (abs)        0004C1
_LATE                                                     (abs)        0004C2
_LATF                                                     (abs)        0004C3
_LATFbits                                                 (abs)        0004C3
_ODCONA                                                   (abs)        000402
_ODCONB                                                   (abs)        00040A
_ODCONC                                                   (abs)        000412
_ODCOND                                                   (abs)        00041A
_ODCONE                                                   (abs)        000422
_ODCONF                                                   (abs)        00042A
_OSCCON1                                                  (abs)        0000AD
_OSCCON3                                                  (abs)        0000AF
_OSCEN                                                    (abs)        0000B3
_OSCFRQ                                                   (abs)        0000B1
_OSCILLATOR_Initialize                                    text10       004822
_OSCTUNE                                                  (abs)        0000B0
_PIE2bits                                                 (abs)        0004A0
_PIN_MANAGER_Initialize                                   text9        004470
_PIR1bits                                                 (abs)        0004AF
_PIR2bits                                                 (abs)        0004B0
_PIR3bits                                                 (abs)        0004B1
_PIR4bits                                                 (abs)        0004B2
_PLLR                                                     (abs)        000590
_PMD0                                                     (abs)        000060
_PMD1                                                     (abs)        000061
_PMD2                                                     (abs)        000062
_PMD3                                                     (abs)        000063
_PMD4                                                     (abs)        000064
_PMD5                                                     (abs)        000065
_PMD6                                                     (abs)        000066
_PMD7                                                     (abs)        000067
_PMD8                                                     (abs)        000068
_PMD_Initialize                                           text8        0047FA
_RF0PPS                                                   (abs)        000229
_SLRCONA                                                  (abs)        000403
_SLRCONB                                                  (abs)        00040B
_SLRCONC                                                  (abs)        000413
_SLRCOND                                                  (abs)        00041B
_SLRCONE                                                  (abs)        000423
_SLRCONF                                                  (abs)        00042B
_SYSTEM_Initialize                                        text2        00488E
_T0CON0                                                   (abs)        00031A
_T0CON0bits                                               (abs)        00031A
_T0CON1                                                   (abs)        00031B
_TMR0H                                                    (abs)        000319
_TMR0L                                                    (abs)        000318
_TMR0_Initialize                                          text7        0048C4
_TMR0_StartTimer                                          text1        00498E
_TRISA                                                    (abs)        0004C6
_TRISB                                                    (abs)        0004C7
_TRISC                                                    (abs)        0004C8
_TRISD                                                    (abs)        0004C9
_TRISE                                                    (abs)        0004CA
_TRISF                                                    (abs)        0004CB
_U1BRGH                                                   (abs)        0002AF
_U1BRGL                                                   (abs)        0002AE
_U1CON0                                                   (abs)        0002AB
_U1CON0bits                                               (abs)        0002AB
_U1CON1                                                   (abs)        0002AC
_U1CON2                                                   (abs)        0002AD
_U1ERRIE                                                  (abs)        0002B3
_U1ERRIR                                                  (abs)        0002B2
_U1ERRIRbits                                              (abs)        0002B2
_U1FIFO                                                   (abs)        0002B0
_U1P1H                                                    (abs)        0002A6
_U1P1L                                                    (abs)        0002A5
_U1P2H                                                    (abs)        0002A8
_U1P2L                                                    (abs)        0002A7
_U1P3H                                                    (abs)        0002AA
_U1P3L                                                    (abs)        0002A9
_U1RXB                                                    (abs)        0002A1
_U1RXPPS                                                  (abs)        000272
_U1TXB                                                    (abs)        0002A3
_U1UIR                                                    (abs)        0002B1
_UART1_DefaultErrorHandler                                (abs)        000000
_UART1_DefaultFramingErrorHandler                         (abs)        000000
_UART1_DefaultOverrunErrorHandler                         (abs)        000000
_UART1_ErrorHandler                                       bssBANK5     000560
_UART1_FramingErrorHandler                                bssBANK5     000566
_UART1_Initialize                                         text3        00459E
_UART1_OverrunErrorHandler                                bssBANK5     000563
_UART1_SetErrorHandler                                    text6        00490C
_UART1_SetFramingErrorHandler                             text5        0048FE
_UART1_SetOverrunErrorHandler                             text4        0048F0
_UART1_Write                                              text38       0048AC
_WPUA                                                     (abs)        000401
_WPUB                                                     (abs)        000409
_WPUC                                                     (abs)        000411
_WPUD                                                     (abs)        000419
_WPUE                                                     (abs)        000421
_WPUF                                                     (abs)        000429
__HRAM                                                    (abs)        000000
__Habs1                                                   abs1         000000
__Hbank10                                                 bank10       000000
__Hbank11                                                 bank11       000000
__Hbank12                                                 bank12       000000
__Hbank13                                                 bank13       000000
__Hbank14                                                 bank14       000000
__Hbank15                                                 bank15       000000
__Hbank16                                                 bank16       000000
__Hbank17                                                 bank17       000000
__Hbank18                                                 bank18       000000
__Hbank19                                                 bank19       000000
__Hbank20                                                 bank20       000000
__Hbank21                                                 bank21       000000
__Hbank22                                                 bank22       000000
__Hbank23                                                 bank23       000000
__Hbank24                                                 bank24       000000
__Hbank25                                                 bank25       000000
__Hbank26                                                 bank26       000000
__Hbank27                                                 bank27       000000
__Hbank28                                                 bank28       000000
__Hbank29                                                 bank29       000000
__Hbank30                                                 bank30       000000
__Hbank31                                                 bank31       000000
__Hbank32                                                 bank32       000000
__Hbank33                                                 bank33       000000
__Hbank34                                                 bank34       000000
__Hbank35                                                 bank35       000000
__Hbank36                                                 bank36       000000
__Hbank37                                                 bank37       000000
__Hbank38                                                 bank38       000000
__Hbank39                                                 bank39       000000
__Hbank40                                                 bank40       000000
__Hbank41                                                 bank41       000000
__Hbank42                                                 bank42       000000
__Hbank43                                                 bank43       000000
__Hbank44                                                 bank44       000000
__Hbank45                                                 bank45       000000
__Hbank46                                                 bank46       000000
__Hbank47                                                 bank47       000000
__Hbank48                                                 bank48       000000
__Hbank49                                                 bank49       000000
__Hbank5                                                  bank5        000000
__Hbank50                                                 bank50       000000
__Hbank51                                                 bank51       000000
__Hbank52                                                 bank52       000000
__Hbank53                                                 bank53       000000
__Hbank54                                                 bank54       000000
__Hbank55                                                 bank55       000000
__Hbank6                                                  bank6        000000
__Hbank7                                                  bank7        000000
__Hbank8                                                  bank8        000000
__Hbank9                                                  bank9        000000
__Hbigbss                                                 bigbss       000000
__Hbigdata                                                bigdata      000000
__Hbigram                                                 bigram       000000
__Hbss                                                    bss          000000
__HbssBANK5                                               bssBANK5     000000
__Hcinit                                                  cinit        000000
__Hclrtext                                                clrtext      000000
__Hcomram                                                 comram       000000
__Hconfig                                                 config       300024
__Hconst                                                  const        000000
__HcstackBANK5                                            cstackBANK5  000000
__HcstackCOMRAM                                           cstackCOMRAM 000000
__Hdata                                                   data         000000
__Heeprom_data                                            eeprom_data  000000
__Hfarbss                                                 farbss       000000
__Hfardata                                                fardata      000000
__Hibigdata                                               ibigdata     000000
__Hidata                                                  idata        000000
__Hidloc                                                  idloc        200020
__Hifardata                                               ifardata     000000
__Hinit                                                   init         00001E
__Hintsave_regs                                           intsave_regs 000000
__Hirdata                                                 irdata       000000
__Hivt0x8                                                 ivt0x8       00001A
__Hmediumconst                                            mediumconst  000000
__HnvBANK5                                                nvBANK5      000000
__HnvFARRAM                                               nvFARRAM     000000
__Hnvbit                                                  nvbit        000000
__Hnvrram                                                 nvrram       000000
__Hparam                                                  rparam       000000
__Hpowerup                                                powerup      000000
__Hram                                                    ram          000000
__Hramtop                                                 ramtop       003800
__Hrbit                                                   rbit         000000
__Hrbss                                                   rbss         000000
__Hrdata                                                  rdata        000000
__Hreset_vec                                              reset_vec    000004
__Hrparam                                                 rparam       000000
__Hsfr                                                    sfr          000000
__Hsmallconst                                             smallconst   003846
__Hspace_0                                                (abs)        0049B2
__Hspace_1                                                (abs)        0005BE
__Hspace_2                                                (abs)        000000
__Hspace_4                                                (abs)        600024
__Hstack                                                  stack        000000
__Hstruct                                                 struct       000000
__Htemp                                                   temp         000000
__Htext                                                   text         000000
__Htext0                                                  text0        000000
__Htext1                                                  text1        000000
__Htext10                                                 text10       000000
__Htext11                                                 text11       000000
__Htext12                                                 text12       000000
__Htext13                                                 text13       000000
__Htext14                                                 text14       000000
__Htext15                                                 text15       000000
__Htext16                                                 text16       000000
__Htext17                                                 text17       000000
__Htext18                                                 text18       000000
__Htext19                                                 text19       000000
__Htext2                                                  text2        000000
__Htext20                                                 text20       000000
__Htext21                                                 text21       000000
__Htext22                                                 text22       000000
__Htext23                                                 text23       000000
__Htext24                                                 text24       000000
__Htext25                                                 text25       000000
__Htext26                                                 text26       000000
__Htext27                                                 text27       000000
__Htext28                                                 text28       000000
__Htext29                                                 text29       000000
__Htext3                                                  text3        000000
__Htext30                                                 text30       000000
__Htext31                                                 text31       000000
__Htext32                                                 text32       000000
__Htext33                                                 text33       000000
__Htext34                                                 text34       000000
__Htext35                                                 text35       000000
__Htext36                                                 text36       000000
__Htext37                                                 text37       000000
__Htext38                                                 text38       000000
__Htext39                                                 text39       000000
__Htext4                                                  text4        000000
__Htext40                                                 text40       000000
__Htext41                                                 text41       000000
__Htext42                                                 text42       000000
__Htext43                                                 text43       000000
__Htext5                                                  text5        000000
__Htext6                                                  text6        000000
__Htext7                                                  text7        000000
__Htext8                                                  text8        000000
__Htext9                                                  text9        000000
__LRAM                                                    (abs)        000001
__Labs1                                                   abs1         000000
__Lbank10                                                 bank10       000000
__Lbank11                                                 bank11       000000
__Lbank12                                                 bank12       000000
__Lbank13                                                 bank13       000000
__Lbank14                                                 bank14       000000
__Lbank15                                                 bank15       000000
__Lbank16                                                 bank16       000000
__Lbank17                                                 bank17       000000
__Lbank18                                                 bank18       000000
__Lbank19                                                 bank19       000000
__Lbank20                                                 bank20       000000
__Lbank21                                                 bank21       000000
__Lbank22                                                 bank22       000000
__Lbank23                                                 bank23       000000
__Lbank24                                                 bank24       000000
__Lbank25                                                 bank25       000000
__Lbank26                                                 bank26       000000
__Lbank27                                                 bank27       000000
__Lbank28                                                 bank28       000000
__Lbank29                                                 bank29       000000
__Lbank30                                                 bank30       000000
__Lbank31                                                 bank31       000000
__Lbank32                                                 bank32       000000
__Lbank33                                                 bank33       000000
__Lbank34                                                 bank34       000000
__Lbank35                                                 bank35       000000
__Lbank36                                                 bank36       000000
__Lbank37                                                 bank37       000000
__Lbank38                                                 bank38       000000
__Lbank39                                                 bank39       000000
__Lbank40                                                 bank40       000000
__Lbank41                                                 bank41       000000
__Lbank42                                                 bank42       000000
__Lbank43                                                 bank43       000000
__Lbank44                                                 bank44       000000
__Lbank45                                                 bank45       000000
__Lbank46                                                 bank46       000000
__Lbank47                                                 bank47       000000
__Lbank48                                                 bank48       000000
__Lbank49                                                 bank49       000000
__Lbank5                                                  bank5        000000
__Lbank50                                                 bank50       000000
__Lbank51                                                 bank51       000000
__Lbank52                                                 bank52       000000
__Lbank53                                                 bank53       000000
__Lbank54                                                 bank54       000000
__Lbank55                                                 bank55       000000
__Lbank6                                                  bank6        000000
__Lbank7                                                  bank7        000000
__Lbank8                                                  bank8        000000
__Lbank9                                                  bank9        000000
__Lbigbss                                                 bigbss       000000
__Lbigdata                                                bigdata      000000
__Lbigram                                                 bigram       000000
__Lbss                                                    bss          000000
__LbssBANK5                                               bssBANK5     000000
__Lcinit                                                  cinit        000000
__Lclrtext                                                clrtext      000000
__Lcomram                                                 comram       000000
__Lconfig                                                 config       000000
__Lconst                                                  const        000000
__LcstackBANK5                                            cstackBANK5  000000
__LcstackCOMRAM                                           cstackCOMRAM 000000
__Ldata                                                   data         000000
__Leeprom_data                                            eeprom_data  000000
__Lfarbss                                                 farbss       000000
__Lfardata                                                fardata      000000
__Libigdata                                               ibigdata     000000
__Lidata                                                  idata        000000
__Lidloc                                                  idloc        000000
__Lifardata                                               ifardata     000000
__Linit                                                   init         00001A
__Lintsave_regs                                           intsave_regs 000000
__Lirdata                                                 irdata       000000
__Livt0x8                                                 ivt0x8       000008
__Lmediumconst                                            mediumconst  000000
__LnvBANK5                                                nvBANK5      000000
__LnvFARRAM                                               nvFARRAM     000000
__Lnvbit                                                  nvbit        000000
__Lnvrram                                                 nvrram       000000
__Lparam                                                  rparam       000000
__Lpowerup                                                powerup      000000
__Lram                                                    ram          000000
__Lramtop                                                 ramtop       003800
__Lrbit                                                   rbit         000000
__Lrbss                                                   rbss         000000
__Lrdata                                                  rdata        000000
__Lreset_vec                                              reset_vec    000000
__Lrparam                                                 rparam       000000
__Lsfr                                                    sfr          000000
__Lsmallconst                                             smallconst   003800
__Lspace_0                                                (abs)        000000
__Lspace_1                                                (abs)        000000
__Lspace_2                                                (abs)        000000
__Lspace_4                                                (abs)        000000
__Lstack                                                  stack        000000
__Lstruct                                                 struct       000000
__Ltemp                                                   temp         000000
__Ltext                                                   text         000000
__Ltext0                                                  text0        000000
__Ltext1                                                  text1        000000
__Ltext10                                                 text10       000000
__Ltext11                                                 text11       000000
__Ltext12                                                 text12       000000
__Ltext13                                                 text13       000000
__Ltext14                                                 text14       000000
__Ltext15                                                 text15       000000
__Ltext16                                                 text16       000000
__Ltext17                                                 text17       000000
__Ltext18                                                 text18       000000
__Ltext19                                                 text19       000000
__Ltext2                                                  text2        000000
__Ltext20                                                 text20       000000
__Ltext21                                                 text21       000000
__Ltext22                                                 text22       000000
__Ltext23                                                 text23       000000
__Ltext24                                                 text24       000000
__Ltext25                                                 text25       000000
__Ltext26                                                 text26       000000
__Ltext27                                                 text27       000000
__Ltext28                                                 text28       000000
__Ltext29                                                 text29       000000
__Ltext3                                                  text3        000000
__Ltext30                                                 text30       000000
__Ltext31                                                 text31       000000
__Ltext32                                                 text32       000000
__Ltext33                                                 text33       000000
__Ltext34                                                 text34       000000
__Ltext35                                                 text35       000000
__Ltext36                                                 text36       000000
__Ltext37                                                 text37       000000
__Ltext38                                                 text38       000000
__Ltext39                                                 text39       000000
__Ltext4                                                  text4        000000
__Ltext40                                                 text40       000000
__Ltext41                                                 text41       000000
__Ltext42                                                 text42       000000
__Ltext43                                                 text43       000000
__Ltext5                                                  text5        000000
__Ltext6                                                  text6        000000
__Ltext7                                                  text7        000000
__Ltext8                                                  text8        000000
__Ltext9                                                  text9        000000
__S0                                                      (abs)        0049B2
__S1                                                      (abs)        0005BE
__S2                                                      (abs)        000000
__S4                                                      (abs)        000000
__S5                                                      (abs)        000000
___aodiv                                                  text41       003F6A
___aodiv@counter                                          cstackCOMRAM 000511
___aodiv@dividend                                         cstackCOMRAM 000501
___aodiv@divisor                                          cstackCOMRAM 000509
___aodiv@quotient                                         cstackCOMRAM 000513
___aodiv@sign                                             cstackCOMRAM 000512
___aomod                                                  text40       0040F2
___aomod@counter                                          cstackCOMRAM 000511
___aomod@dividend                                         cstackCOMRAM 000501
___aomod@divisor                                          cstackCOMRAM 000509
___aomod@sign                                             cstackCOMRAM 000512
___inthi_sp                                               stack        000000
___intlo_sp                                               stack        000000
___param_bank                                             (abs)        000000
___rparam_used                                            (abs)        000001
___sp                                                     stack        000000
__accesstop                                               (abs)        000560
__activetblptr                                            (abs)        000003
__end_of_ADC_ADCH4_ISR                                    text23       0047C8
__end_of_ADC_DefaultContext4Threshold_ISR                 text24       0049B2
__end_of_ADC_DisableChannelSequencer                      text21       0049A0
__end_of_ADC_EnableChannelSequencer                       text20       00499A
__end_of_ADC_GetConversionResult                          text42       0048F0
__end_of_ADC_Initialize                                   text12       003D6A
__end_of_ADC_SelectContext                                text19       00497A
__end_of_ADC_SetADIInterruptHandler                       text18       00496E
__end_of_ADC_SetActiveClockTuningInterruptHandler         text17       004960
__end_of_ADC_SetContext1ThresholdInterruptHandler         text16       004952
__end_of_ADC_SetContext2ThresholdInterruptHandler         text15       004944
__end_of_ADC_SetContext3ThresholdInterruptHandler         text14       004936
__end_of_ADC_SetContext4ThresholdInterruptHandler         text13       004928
__end_of_ADC_UserContext4Threshold_ISR                    text25       0043AA
__end_of_INTERRUPT_Initialize                             text11       0049B0
__end_of_INTERRUPT_InterruptManager                       text22       0046D6
__end_of_OSCILLATOR_Initialize                            text10       004848
__end_of_PIN_MANAGER_Initialize                           text9        004508
__end_of_PMD_Initialize                                   text8        004822
__end_of_SYSTEM_Initialize                                text2        0048AC
__end_of_TMR0_Initialize                                  text7        0048DA
__end_of_TMR0_StartTimer                                  text1        004994
__end_of_UART1_Initialize                                 text3        00461A
__end_of_UART1_SetErrorHandler                            text6        00491A
__end_of_UART1_SetFramingErrorHandler                     text5        00490C
__end_of_UART1_SetOverrunErrorHandler                     text4        0048FE
__end_of_UART1_Write                                      text38       0048C4
__end_of___aodiv                                          text41       0040F2
__end_of___aomod                                          text40       004256
__end_of__initialization                                  cinit        004888
__end_of_abs                                              text39       00475A
__end_of_dtoa                                             text32       003B2A
__end_of_fputc                                            text36       00459E
__end_of_fputs                                            text35       00471A
__end_of_main                                             text0        0047FA
__end_of_pad                                              text33       004470
__end_of_printf                                           text29       00486E
__end_of_putch                                            text37       00498E
__end_of_strlen                                           text34       004794
__end_of_vfpfcnvrt                                        text31       003F6A
__end_of_vfprintf                                         text30       004684
__end_ofi2_ADC_DisableChannelSequencer                    text28       0049AC
__end_ofi2_ADC_EnableChannelSequencer                     text27       0049A6
__end_ofi2_ADC_SelectContext                              text26       004984
__initialization                                          cinit        00486E
__mediumconst                                             mediumconst  000000
__pbssBANK5                                               bssBANK5     000560
__pcinit                                                  cinit        00486E
__pcstackBANK5                                            cstackBANK5  0005B6
__pcstackCOMRAM                                           cstackCOMRAM 000501
__pivt0x8                                                 ivt0x8       000008
__pnvBANK5                                                nvBANK5      0005A4
__psmallconst                                             smallconst   003800
__ptext0                                                  text0        0047C8
__ptext1                                                  text1        00498E
__ptext10                                                 text10       004822
__ptext11                                                 text11       0049AC
__ptext12                                                 text12       003B2A
__ptext13                                                 text13       00491A
__ptext14                                                 text14       004928
__ptext15                                                 text15       004936
__ptext16                                                 text16       004944
__ptext17                                                 text17       004952
__ptext18                                                 text18       004960
__ptext19                                                 text19       00496E
__ptext2                                                  text2        00488E
__ptext20                                                 text20       004994
__ptext21                                                 text21       00499A
__ptext22                                                 text22       004684
__ptext23                                                 text23       004794
__ptext24                                                 text24       0049B0
__ptext25                                                 text25       004256
__ptext26                                                 text26       00497A
__ptext27                                                 text27       0049A0
__ptext28                                                 text28       0049A6
__ptext29                                                 text29       004848
__ptext3                                                  text3        00459E
__ptext30                                                 text30       00461A
__ptext31                                                 text31       003D6A
__ptext32                                                 text32       003846
__ptext33                                                 text33       0043AA
__ptext34                                                 text34       00475A
__ptext35                                                 text35       0046D6
__ptext36                                                 text36       004508
__ptext37                                                 text37       004984
__ptext38                                                 text38       0048AC
__ptext39                                                 text39       00471A
__ptext4                                                  text4        0048F0
__ptext40                                                 text40       0040F2
__ptext41                                                 text41       003F6A
__ptext42                                                 text42       0048DA
__ptext43                                                 text43       000000
__ptext5                                                  text5        0048FE
__ptext6                                                  text6        00490C
__ptext7                                                  text7        0048C4
__ptext8                                                  text8        0047FA
__ptext9                                                  text9        004470
__ramtop                                                  ramtop       003800
__size_of_ADC_ADCH4_ISR                                   (abs)        000000
__size_of_ADC_DefaultContext4Threshold_ISR                (abs)        000000
__size_of_ADC_DisableChannelSequencer                     (abs)        000000
__size_of_ADC_EnableChannelSequencer                      (abs)        000000
__size_of_ADC_GetConversionResult                         (abs)        000000
__size_of_ADC_Initialize                                  (abs)        000000
__size_of_ADC_SelectContext                               (abs)        000000
__size_of_ADC_SetADIInterruptHandler                      (abs)        000000
__size_of_ADC_SetActiveClockTuningInterruptHandler        (abs)        000000
__size_of_ADC_SetContext1ThresholdInterruptHandler        (abs)        000000
__size_of_ADC_SetContext2ThresholdInterruptHandler        (abs)        000000
__size_of_ADC_SetContext3ThresholdInterruptHandler        (abs)        000000
__size_of_ADC_SetContext4ThresholdInterruptHandler        (abs)        000000
__size_of_ADC_UserContext4Threshold_ISR                   (abs)        000000
__size_of_INTERRUPT_Initialize                            (abs)        000000
__size_of_INTERRUPT_InterruptManager                      (abs)        000000
__size_of_OSCILLATOR_Initialize                           (abs)        000000
__size_of_PIN_MANAGER_Initialize                          (abs)        000000
__size_of_PMD_Initialize                                  (abs)        000000
__size_of_SYSTEM_Initialize                               (abs)        000000
__size_of_TMR0_Initialize                                 (abs)        000000
__size_of_TMR0_StartTimer                                 (abs)        000000
__size_of_UART1_Initialize                                (abs)        000000
__size_of_UART1_SetErrorHandler                           (abs)        000000
__size_of_UART1_SetFramingErrorHandler                    (abs)        000000
__size_of_UART1_SetOverrunErrorHandler                    (abs)        000000
__size_of_UART1_Write                                     (abs)        000000
__size_of___aodiv                                         (abs)        000000
__size_of___aomod                                         (abs)        000000
__size_of_abs                                             (abs)        000000
__size_of_dtoa                                            (abs)        000000
__size_of_fputc                                           (abs)        000000
__size_of_fputs                                           (abs)        000000
__size_of_main                                            (abs)        000000
__size_of_pad                                             (abs)        000000
__size_of_printf                                          (abs)        000000
__size_of_putch                                           (abs)        000000
__size_of_strlen                                          (abs)        000000
__size_of_vfpfcnvrt                                       (abs)        000000
__size_of_vfprintf                                        (abs)        000000
__size_ofi2_ADC_DisableChannelSequencer                   (abs)        000000
__size_ofi2_ADC_EnableChannelSequencer                    (abs)        000000
__size_ofi2_ADC_SelectContext                             (abs)        000000
__smallconst                                              smallconst   003800
_abs                                                      text39       00471A
_dbuf                                                     bssBANK5     000584
_dtoa                                                     text32       003846
_dtoa$1836                                                cstackCOMRAM 000530
_flags                                                    bssBANK5     00056F
_fputc                                                    text36       004508
_fputs                                                    text35       0046D6
_main                                                     text0        0047C8
_nout                                                     bssBANK5     000569
_pad                                                      text33       0043AA
_prec                                                     bssBANK5     00056D
_printf                                                   text29       004848
_putch                                                    text37       004984
_strlen                                                   text34       00475A
_uart1RxLastError                                         bssBANK5     000583
_vfpfcnvrt                                                text31       003D6A
_vfprintf                                                 text30       00461A
_width                                                    bssBANK5     00056B
abs@a                                                     cstackCOMRAM 000513
dtoa@d                                                    cstackCOMRAM 000520
dtoa@fp                                                   cstackCOMRAM 00051E
dtoa@i                                                    cstackCOMRAM 000540
dtoa@n                                                    cstackCOMRAM 000538
dtoa@p                                                    cstackCOMRAM 000532
dtoa@s                                                    cstackCOMRAM 000536
dtoa@w                                                    cstackCOMRAM 000534
end_of_initialization                                     cinit        004888
fputc@c                                                   cstackCOMRAM 000503
fputc@fp                                                  cstackCOMRAM 000505
fputs@c                                                   cstackCOMRAM 000510
fputs@fp                                                  cstackCOMRAM 00050E
fputs@i                                                   cstackCOMRAM 000511
fputs@s                                                   cstackCOMRAM 00050C
i2ADC_SelectContext@context                               cstackCOMRAM 000501
i2_ADC_DisableChannelSequencer                            text28       0049A6
i2_ADC_EnableChannelSequencer                             text27       0049A0
i2_ADC_SelectContext                                      text26       00497A
intlevel0                                                 text         000000
intlevel1                                                 text         000000
intlevel2                                                 text         000000
intlevel3                                                 text         000000
isa$std                                                   (abs)        000001
isa$xinst                                                 (abs)        000000
ivt0x8_base                                               ivt0x8       000008
pad@buf                                                   cstackCOMRAM 000515
pad@fp                                                    cstackCOMRAM 000513
pad@i                                                     cstackCOMRAM 00051A
pad@p                                                     cstackCOMRAM 000517
pad@w                                                     cstackCOMRAM 00051C
printf@ap                                                 cstackCOMRAM 00055E
printf@fmt                                                cstackCOMRAM 00055A
putch@txData                                              cstackCOMRAM 000502
stackhi                                                   (abs)        0037FF
stacklo                                                   (abs)        0005BE
start                                                     init         00001A
start_initialization                                      cinit        00486E
strlen@a                                                  cstackCOMRAM 000503
strlen@s                                                  cstackCOMRAM 000501
vfpfcnvrt@ap                                              cstackCOMRAM 000546
vfpfcnvrt@fmt                                             cstackCOMRAM 000544
vfpfcnvrt@fp                                              cstackCOMRAM 000542
vfpfcnvrt@ll                                              cstackCOMRAM 00054A
vfprintf@ap                                               cstackCOMRAM 000556
vfprintf@cfmt                                             cstackCOMRAM 000558
vfprintf@fmt                                              cstackCOMRAM 000554
vfprintf@fp                                               cstackCOMRAM 000552


MODULE INFORMATION

Module		Function		Class		Link	Load	Size
C:\Program Files\Microchip\xc8\v2.32\pic\sources\c99\common\doprnt.c
		_vfpfcnvrt     		CODE           	3D6A	0000	512
		_pad           		CODE           	43AA	0000	198
		_dtoa          		CODE           	3846	0000	740
		_vfprintf      		CODE           	461A	0000	106

C:\Program Files\Microchip\xc8\v2.32\pic\sources\c99\common\doprnt.c estimated size: 1556

mcc_generated_files/interrupt_manager.c
		_INTERRUPT_Initialize		CODE           	49AC	0000	4
		_INTERRUPT_InterruptManager		CODE           	4684	0000	82

mcc_generated_files/interrupt_manager.c estimated size: 86

mcc_generated_files/tmr0.c
		_TMR0_StartTimer		CODE           	498E	0000	6
		_TMR0_Initialize		CODE           	48C4	0000	22

mcc_generated_files/tmr0.c estimated size: 28

mcc_generated_files/pin_manager.c
		_PIN_MANAGER_Initialize		CODE           	4470	0000	152

mcc_generated_files/pin_manager.c estimated size: 152

C:\Program Files\Microchip\xc8\v2.32\pic\sources\c99\common\nf_fputs.c
		_fputs         		CODE           	46D6	0000	68

C:\Program Files\Microchip\xc8\v2.32\pic\sources\c99\common\nf_fputs.c estimated size: 68

mcc_generated_files/adc.c
		_ADC_ADCH4_ISR 		CODE           	4794	0000	52
		_ADC_SelectContext		CODE           	496E	0000	12
		_ADC_Initialize		CODE           	3B2A	0000	576
		_ADC_DisableChannelSequencer		CODE           	499A	0000	6
		_ADC_EnableChannelSequencer		CODE           	4994	0000	6
		_ADC_SetActiveClockTuningInterruptHandler		CODE           	4952	0000	14
		_ADC_GetConversionResult		CODE           	48DA	0000	22
		_ADC_SetADIInterruptHandler		CODE           	4960	0000	14
		_ADC_SetContext1ThresholdInterruptHandler		CODE           	4944	0000	14
		_ADC_SetContext2ThresholdInterruptHandler		CODE           	4936	0000	14
		_ADC_SetContext3ThresholdInterruptHandler		CODE           	4928	0000	14
		_ADC_SetContext4ThresholdInterruptHandler		CODE           	491A	0000	14
		_ADC_DefaultContext4Threshold_ISR		CODE           	49B0	0000	2

mcc_generated_files/adc.c estimated size: 760

C:\Program Files\Microchip\xc8\v2.32\pic\sources\c99\common\abs.c
		_abs           		CODE           	471A	0000	64

C:\Program Files\Microchip\xc8\v2.32\pic\sources\c99\common\abs.c estimated size: 64

C:\Program Files\Microchip\xc8\v2.32\pic\sources\c99\common\aomod.c
		___aomod       		CODE           	40F2	0000	356

C:\Program Files\Microchip\xc8\v2.32\pic\sources\c99\common\aomod.c estimated size: 356

mcc_generated_files/uart1.c
		_UART1_Write   		CODE           	48AC	0000	24
		_putch         		CODE           	4984	0000	10
		_UART1_SetFramingErrorHandler		CODE           	48FE	0000	14
		_UART1_SetOverrunErrorHandler		CODE           	48F0	0000	14
		_UART1_Initialize		CODE           	459E	0000	124
		_UART1_SetErrorHandler		CODE           	490C	0000	14

mcc_generated_files/uart1.c estimated size: 200

shared
		i2_ADC_EnableChannelSequencer		CODE           	49A0	0000	6
		i2_ADC_DisableChannelSequencer		CODE           	49A6	0000	6
		i2_ADC_SelectContext		CODE           	497A	0000	10
		__initialization		CODE           	486E	0000	26

shared estimated size: 48

mcc_generated_files/mcc.c
		_PMD_Initialize		CODE           	47FA	0000	40
		_OSCILLATOR_Initialize		CODE           	4822	0000	38
		_SYSTEM_Initialize		CODE           	488E	0000	30

mcc_generated_files/mcc.c estimated size: 108

C:\Program Files\Microchip\xc8\v2.32\pic\sources\c99\common\printf.c
		_printf        		CODE           	4848	0000	38

C:\Program Files\Microchip\xc8\v2.32\pic\sources\c99\common\printf.c estimated size: 38

C:\Program Files\Microchip\xc8\v2.32\pic\sources\c99\common\nf_fputc.c
		_fputc         		CODE           	4508	0000	150

C:\Program Files\Microchip\xc8\v2.32\pic\sources\c99\common\nf_fputc.c estimated size: 150

C:\Program Files\Microchip\xc8\v2.32\pic\sources\c99\common\aodiv.c
		___aodiv       		CODE           	3F6A	0000	392

C:\Program Files\Microchip\xc8\v2.32\pic\sources\c99\common\aodiv.c estimated size: 392

main.c
		_main          		CODE           	47C8	0000	50
		_ADC_UserContext4Threshold_ISR		CODE           	4256	0000	340

main.c estimated size: 390

C:\Program Files\Microchip\xc8\v2.32\pic\sources\c99\common\strlen.c
		_strlen        		CODE           	475A	0000	58

C:\Program Files\Microchip\xc8\v2.32\pic\sources\c99\common\strlen.c estimated size: 58

